// Jest Snapshot v1, https://goo.gl/fbAQLP

exports[`cdk-app-state children are flattened 1`] = `Array []`;
